// Jest Snapshot v1, https://goo.gl/fbAQLP

exports[`Component(snapshots): ActivityItem should render with actions 1`] = `[Function]`;

exports[`Component(snapshots): ActivityItem should render with attachments 1`] = `[Function]`;

exports[`Component(snapshots): ActivityItem should render with default required props 1`] = `
<View
  pointerEvents="auto"
  style={
    Object {
      "alignItems": undefined,
      "backgroundColor": "#FFFFFF",
      "borderRadius": undefined,
      "flex": undefined,
      "flexDirection": undefined,
      "height": undefined,
      "justifyContent": undefined,
      "margin": undefined,
      "marginBottom": 10,
      "marginLeft": undefined,
      "marginRight": undefined,
      "marginTop": undefined,
      "padding": undefined,
      "paddingBottom": undefined,
      "paddingHorizontal": undefined,
      "paddingLeft": undefined,
      "paddingRight": undefined,
      "paddingTop": undefined,
      "width": undefined,
    }
  }
>
  <View
    pointerEvents="auto"
    style={
      Object {
        "alignItems": undefined,
        "backgroundColor": undefined,
        "borderRadius": undefined,
        "flex": 1,
        "flexDirection": "row",
        "height": undefined,
        "justifyContent": undefined,
        "margin": undefined,
        "marginBottom": undefined,
        "marginLeft": undefined,
        "marginRight": undefined,
        "marginTop": undefined,
        "padding": 15,
        "paddingBottom": undefined,
        "paddingHorizontal": undefined,
        "paddingLeft": undefined,
        "paddingRight": undefined,
        "paddingTop": undefined,
        "width": undefined,
      }
    }
  >
    <View
      pointerEvents="auto"
      style={
        Object {
          "alignItems": "center",
          "backgroundColor": undefined,
          "borderRadius": undefined,
          "flex": undefined,
          "flexDirection": undefined,
          "height": undefined,
          "justifyContent": undefined,
          "margin": undefined,
          "marginBottom": undefined,
          "marginLeft": undefined,
          "marginRight": undefined,
          "marginTop": undefined,
          "padding": undefined,
          "paddingBottom": undefined,
          "paddingHorizontal": undefined,
          "paddingLeft": undefined,
          "paddingRight": undefined,
          "paddingTop": undefined,
          "width": undefined,
        }
      }
    >
      <View
        pointerEvents="auto"
        style={
          Object {
            "alignItems": undefined,
            "backgroundColor": undefined,
            "borderRadius": undefined,
            "flex": undefined,
            "flexDirection": undefined,
            "height": undefined,
            "justifyContent": undefined,
            "margin": undefined,
            "marginBottom": undefined,
            "marginLeft": undefined,
            "marginRight": undefined,
            "marginTop": undefined,
            "padding": undefined,
            "paddingBottom": undefined,
            "paddingHorizontal": undefined,
            "paddingLeft": undefined,
            "paddingRight": undefined,
            "paddingTop": undefined,
            "width": undefined,
          }
        }
      >
        <Image
          source={
            Object {
              "uri": "http://",
            }
          }
          style={
            Array [
              Object {
                "backgroundColor": "#0078ff",
                "borderRadius": 20,
                "height": 40,
                "width": 40,
              },
              Object {
                "backgroundColor": "transparent",
              },
            ]
          }
        />
      </View>
    </View>
    <View
      pointerEvents="auto"
      style={
        Object {
          "alignItems": undefined,
          "backgroundColor": undefined,
          "borderRadius": undefined,
          "flex": 1,
          "flexDirection": undefined,
          "height": undefined,
          "justifyContent": undefined,
          "margin": undefined,
          "marginBottom": undefined,
          "marginLeft": 15,
          "marginRight": undefined,
          "marginTop": undefined,
          "padding": undefined,
          "paddingBottom": undefined,
          "paddingHorizontal": undefined,
          "paddingLeft": undefined,
          "paddingRight": 15,
          "paddingTop": undefined,
          "width": undefined,
        }
      }
    >
      <View
        pointerEvents="auto"
        style={
          Object {
            "alignItems": undefined,
            "backgroundColor": undefined,
            "borderRadius": undefined,
            "flex": undefined,
            "flexDirection": undefined,
            "height": undefined,
            "justifyContent": undefined,
            "margin": undefined,
            "marginBottom": undefined,
            "marginLeft": undefined,
            "marginRight": undefined,
            "marginTop": undefined,
            "padding": undefined,
            "paddingBottom": undefined,
            "paddingHorizontal": undefined,
            "paddingLeft": undefined,
            "paddingRight": undefined,
            "paddingTop": undefined,
            "width": undefined,
          }
        }
      >
        <View
          pointerEvents="auto"
          style={
            Object {
              "alignItems": undefined,
              "backgroundColor": undefined,
              "borderRadius": undefined,
              "flex": 1,
              "flexDirection": undefined,
              "height": undefined,
              "justifyContent": undefined,
              "margin": undefined,
              "marginBottom": 4,
              "marginLeft": undefined,
              "marginRight": undefined,
              "marginTop": undefined,
              "padding": undefined,
              "paddingBottom": undefined,
              "paddingHorizontal": undefined,
              "paddingLeft": undefined,
              "paddingRight": undefined,
              "paddingTop": undefined,
              "width": undefined,
            }
          }
        >
          <Text
            style={
              Object {
                "flexWrap": "wrap",
              }
            }
          >
            <Text
              onPress={[Function]}
              style={
                Object {
                  "color": "#333333",
                  "flexWrap": "wrap",
                  "fontSize": 17,
                  "fontWeight": "bold",
                }
              }
            >
              Test Issuer
            </Text>
            <Text
              style={
                Object {
                  "color": "#333333",
                  "flexWrap": "wrap",
                  "fontSize": 17,
                }
              }
            >
               
              testing the components
            </Text>
            <Text
              onPress={[Function]}
              style={
                Object {
                  "color": "#333333",
                  "flexWrap": "wrap",
                  "fontSize": 17,
                  "fontWeight": "bold",
                }
              }
            >
               
              Test Subject
            </Text>
          </Text>
        </View>
        <Text
          style={
            Object {
              "color": "#BBBBBB",
              "flexWrap": "wrap",
              "fontSize": 15,
            }
          }
        >
          over 46 years
           ago
        </Text>
      </View>
    </View>
  </View>
</View>
`;
