// Jest Snapshot v1, https://goo.gl/fbAQLP

exports[`Component(snapshot): Toast renders correctly with no props 1`] = `
<View
  style={
    Object {
      "backgroundColor": "#0078ff",
      "borderRadius": 5,
      "left": 10,
      "opacity": 0,
      "position": "absolute",
      "right": 10,
      "top": 0,
      "transform": Array [
        Object {
          "translateY": -80,
        },
      ],
      "zIndex": 100,
    }
  }
  testID="TOAST_WRAPPER"
>
  <View
    pointerEvents="auto"
    style={
      Object {
        "alignItems": "center",
        "backgroundColor": undefined,
        "borderRadius": 5,
        "flex": undefined,
        "flexDirection": "row",
        "height": undefined,
        "justifyContent": "center",
        "margin": undefined,
        "marginBottom": undefined,
        "marginLeft": undefined,
        "marginRight": undefined,
        "marginTop": undefined,
        "padding": 12,
        "paddingBottom": undefined,
        "paddingHorizontal": undefined,
        "paddingLeft": undefined,
        "paddingRight": undefined,
        "paddingTop": undefined,
        "width": undefined,
      }
    }
  >
    <View
      pointerEvents="auto"
      style={
        Object {
          "alignItems": undefined,
          "backgroundColor": undefined,
          "borderRadius": undefined,
          "flex": undefined,
          "flexDirection": undefined,
          "height": undefined,
          "justifyContent": undefined,
          "margin": undefined,
          "marginBottom": undefined,
          "marginLeft": undefined,
          "marginRight": undefined,
          "marginTop": undefined,
          "padding": undefined,
          "paddingBottom": undefined,
          "paddingHorizontal": undefined,
          "paddingLeft": undefined,
          "paddingRight": undefined,
          "paddingTop": undefined,
          "width": undefined,
        }
      }
    >
      <Icon
        color="#FFFFFF"
        name="ios-information-circle-outline"
        size={26}
      />
    </View>
    <View
      pointerEvents="auto"
      style={
        Object {
          "alignItems": undefined,
          "backgroundColor": undefined,
          "borderRadius": undefined,
          "flex": 1,
          "flexDirection": undefined,
          "height": undefined,
          "justifyContent": undefined,
          "margin": undefined,
          "marginBottom": undefined,
          "marginLeft": 10,
          "marginRight": undefined,
          "marginTop": undefined,
          "padding": undefined,
          "paddingBottom": undefined,
          "paddingHorizontal": undefined,
          "paddingLeft": undefined,
          "paddingRight": undefined,
          "paddingTop": undefined,
          "width": undefined,
        }
      }
    >
      <Text
        style={
          Object {
            "color": "white",
            "flexWrap": "wrap",
            "fontSize": 16,
            "fontWeight": "bold",
          }
        }
      >
        
      </Text>
      <Text
        style={
          Object {
            "color": "white",
            "flexWrap": "wrap",
          }
        }
      >
        
      </Text>
    </View>
    <View
      pointerEvents="auto"
      style={
        Object {
          "alignItems": undefined,
          "backgroundColor": undefined,
          "borderRadius": undefined,
          "flex": undefined,
          "flexDirection": undefined,
          "height": undefined,
          "justifyContent": undefined,
          "margin": undefined,
          "marginBottom": undefined,
          "marginLeft": undefined,
          "marginRight": undefined,
          "marginTop": undefined,
          "padding": undefined,
          "paddingBottom": undefined,
          "paddingHorizontal": undefined,
          "paddingLeft": undefined,
          "paddingRight": undefined,
          "paddingTop": undefined,
          "width": undefined,
        }
      }
    >
      <View
        accessibilityLabel="TOAST_CLOSE_BTN"
        accessible={true}
        focusable={true}
        isTVSelectable={true}
        onClick={[Function]}
        onResponderGrant={[Function]}
        onResponderMove={[Function]}
        onResponderRelease={[Function]}
        onResponderTerminate={[Function]}
        onResponderTerminationRequest={[Function]}
        onStartShouldSetResponder={[Function]}
        style={
          Object {
            "alignItems": "center",
            "borderRadius": 8,
            "maxWidth": 300,
          }
        }
        testID="TOAST_CLOSE_BTN"
      >
        <View
          pointerEvents="auto"
          style={
            Object {
              "alignItems": undefined,
              "backgroundColor": undefined,
              "borderRadius": undefined,
              "flex": undefined,
              "flexDirection": "row",
              "height": undefined,
              "justifyContent": "center",
              "margin": undefined,
              "marginBottom": undefined,
              "marginLeft": undefined,
              "marginRight": undefined,
              "marginTop": undefined,
              "padding": undefined,
              "paddingBottom": undefined,
              "paddingHorizontal": undefined,
              "paddingLeft": undefined,
              "paddingRight": undefined,
              "paddingTop": undefined,
              "width": undefined,
            }
          }
        >
          <View
            pointerEvents="auto"
            style={
              Object {
                "alignItems": undefined,
                "backgroundColor": undefined,
                "borderRadius": undefined,
                "flex": undefined,
                "flexDirection": undefined,
                "height": undefined,
                "justifyContent": undefined,
                "margin": undefined,
                "marginBottom": undefined,
                "marginLeft": undefined,
                "marginRight": 10,
                "marginTop": undefined,
                "padding": undefined,
                "paddingBottom": undefined,
                "paddingHorizontal": undefined,
                "paddingLeft": undefined,
                "paddingRight": undefined,
                "paddingTop": undefined,
                "width": undefined,
              }
            }
          >
            <Icon
              color="#FFFFFF"
              name="ios-close"
              size={26}
            />
          </View>
          <View
            pointerEvents="auto"
            style={
              Object {
                "alignItems": "center",
                "backgroundColor": undefined,
                "borderRadius": undefined,
                "flex": undefined,
                "flexDirection": undefined,
                "height": undefined,
                "justifyContent": "center",
                "margin": undefined,
                "marginBottom": undefined,
                "marginLeft": undefined,
                "marginRight": undefined,
                "marginTop": undefined,
                "padding": undefined,
                "paddingBottom": undefined,
                "paddingHorizontal": undefined,
                "paddingLeft": undefined,
                "paddingRight": undefined,
                "paddingTop": undefined,
                "width": undefined,
              }
            }
          >
            <Text
              style={
                Object {
                  "flexWrap": "wrap",
                  "fontSize": 18,
                }
              }
            />
          </View>
        </View>
      </View>
    </View>
  </View>
</View>
`;
