// Jest Snapshot v1, https://goo.gl/fbAQLP

exports[`Onboarding renders the intermediate screen if dids are present 1`] = `
<View
  pointerEvents="auto"
  style={
    Object {
      "alignItems": undefined,
      "backgroundColor": "#FFFFFF",
      "borderRadius": undefined,
      "flex": 1,
      "flexDirection": undefined,
      "height": undefined,
      "justifyContent": undefined,
      "margin": undefined,
      "marginBottom": undefined,
      "marginLeft": undefined,
      "marginRight": undefined,
      "marginTop": undefined,
      "padding": undefined,
      "paddingBottom": undefined,
      "paddingHorizontal": undefined,
      "paddingLeft": undefined,
      "paddingRight": undefined,
      "paddingTop": undefined,
      "width": undefined,
    }
  }
>
  <View
    pointerEvents="auto"
    style={
      Object {
        "alignItems": "center",
        "backgroundColor": undefined,
        "borderRadius": undefined,
        "flex": 1,
        "flexDirection": undefined,
        "height": undefined,
        "justifyContent": undefined,
        "margin": undefined,
        "marginBottom": undefined,
        "marginLeft": undefined,
        "marginRight": undefined,
        "marginTop": undefined,
        "padding": 15,
        "paddingBottom": undefined,
        "paddingHorizontal": undefined,
        "paddingLeft": undefined,
        "paddingRight": undefined,
        "paddingTop": undefined,
        "width": undefined,
      }
    }
  >
    <View
      pointerEvents="auto"
      style={
        Object {
          "alignItems": undefined,
          "backgroundColor": undefined,
          "borderRadius": undefined,
          "flex": undefined,
          "flexDirection": undefined,
          "height": undefined,
          "justifyContent": undefined,
          "margin": undefined,
          "marginBottom": undefined,
          "marginLeft": undefined,
          "marginRight": undefined,
          "marginTop": 30,
          "padding": undefined,
          "paddingBottom": undefined,
          "paddingHorizontal": undefined,
          "paddingLeft": undefined,
          "paddingRight": undefined,
          "paddingTop": undefined,
          "width": undefined,
        }
      }
    >
      <Text
        style={
          Object {
            "color": "#333333",
            "flexWrap": "wrap",
            "fontSize": 24,
            "fontWeight": "bold",
          }
        }
      >
        Get started!
      </Text>
    </View>
    <View
      pointerEvents="auto"
      style={
        Object {
          "alignItems": undefined,
          "backgroundColor": undefined,
          "borderRadius": undefined,
          "flex": undefined,
          "flexDirection": undefined,
          "height": undefined,
          "justifyContent": undefined,
          "margin": undefined,
          "marginBottom": undefined,
          "marginLeft": undefined,
          "marginRight": undefined,
          "marginTop": 30,
          "padding": undefined,
          "paddingBottom": undefined,
          "paddingHorizontal": undefined,
          "paddingLeft": undefined,
          "paddingRight": undefined,
          "paddingTop": undefined,
          "width": undefined,
        }
      }
    >
      <Text
        style={
          Object {
            "color": "#333333",
            "flexWrap": "wrap",
            "fontSize": 16,
            "lineHeight": 22,
            "textAlign": "center",
          }
        }
      >
        Lorem ipsum dolor sit amet, consectetur adipiscing elit, sed do eiusmod tempor incididunt ut labore et dolore magna aliqua.
      </Text>
    </View>
    <View
      pointerEvents="auto"
      style={
        Object {
          "alignItems": undefined,
          "backgroundColor": undefined,
          "borderRadius": undefined,
          "flex": undefined,
          "flexDirection": undefined,
          "height": undefined,
          "justifyContent": undefined,
          "margin": undefined,
          "marginBottom": undefined,
          "marginLeft": undefined,
          "marginRight": undefined,
          "marginTop": 30,
          "padding": undefined,
          "paddingBottom": undefined,
          "paddingHorizontal": undefined,
          "paddingLeft": undefined,
          "paddingRight": undefined,
          "paddingTop": undefined,
          "width": 300,
        }
      }
    >
      <View
        accessible={true}
        focusable={true}
        onClick={[Function]}
        onResponderGrant={[Function]}
        onResponderMove={[Function]}
        onResponderRelease={[Function]}
        onResponderTerminate={[Function]}
        onResponderTerminationRequest={[Function]}
        onStartShouldSetResponder={[Function]}
        style={
          Object {
            "alignItems": "center",
            "backgroundColor": "#0078ff",
            "borderRadius": 8,
            "padding": 15,
          }
        }
      >
        <View
          pointerEvents="auto"
          style={
            Object {
              "alignItems": undefined,
              "backgroundColor": undefined,
              "borderRadius": undefined,
              "flex": undefined,
              "flexDirection": "row",
              "height": undefined,
              "justifyContent": "center",
              "margin": undefined,
              "marginBottom": undefined,
              "marginLeft": undefined,
              "marginRight": undefined,
              "marginTop": undefined,
              "padding": undefined,
              "paddingBottom": undefined,
              "paddingHorizontal": undefined,
              "paddingLeft": undefined,
              "paddingRight": undefined,
              "paddingTop": undefined,
              "width": undefined,
            }
          }
        >
          <View
            pointerEvents="auto"
            style={
              Object {
                "alignItems": "center",
                "backgroundColor": undefined,
                "borderRadius": undefined,
                "flex": undefined,
                "flexDirection": undefined,
                "height": undefined,
                "justifyContent": "center",
                "margin": undefined,
                "marginBottom": undefined,
                "marginLeft": undefined,
                "marginRight": undefined,
                "marginTop": undefined,
                "padding": undefined,
                "paddingBottom": undefined,
                "paddingHorizontal": undefined,
                "paddingLeft": undefined,
                "paddingRight": undefined,
                "paddingTop": undefined,
                "width": undefined,
              }
            }
          >
            <Text
              style={
                Object {
                  "color": "#FFFFFF",
                  "flexWrap": "wrap",
                  "fontSize": 18,
                }
              }
            >
              Create New Identity
            </Text>
          </View>
        </View>
      </View>
    </View>
  </View>
</View>
`;
