// Jest Snapshot v1, https://goo.gl/fbAQLP

exports[`renders correctly 1`] = `
Array [
  <RCTSafeAreaView
    emulateUnlessSupported={true}
    style={
      Object {
        "backgroundColor": undefined,
      }
    }
  />,
  <RCTScrollView
    automaticallyAdjustContentInsets={false}
    contentInset={
      Object {
        "bottom": 0,
      }
    }
    contentInsetAdjustmentBehavior="never"
    enableAutomaticScroll={true}
    enableOnAndroid={false}
    enableResetScrollToCoords={true}
    extraHeight={75}
    extraScrollHeight={0}
    getScrollResponder={[Function]}
    handleOnScroll={[Function]}
    keyboardDismissMode="interactive"
    keyboardOpeningTime={250}
    keyboardSpace={0}
    onScroll={[Function]}
    resetKeyboardSpace={[Function]}
    scrollEventThrottle={1}
    scrollForExtraHeightOnAndroid={[Function]}
    scrollIntoView={[Function]}
    scrollToEnd={[Function]}
    scrollToFocusedInput={[Function]}
    scrollToPosition={[Function]}
    showsVerticalScrollIndicator={true}
    style={
      Object {
        "backgroundColor": "#EFEEF3",
      }
    }
    update={[Function]}
    viewIsInsideTabBar={false}
  >
    <View>
      <View
        pointerEvents="auto"
        style={
          Object {
            "alignItems": undefined,
            "backgroundColor": "#EFEEF3",
            "borderRadius": undefined,
            "flex": 1,
            "flexDirection": undefined,
            "height": undefined,
            "justifyContent": undefined,
            "margin": undefined,
            "marginBottom": undefined,
            "marginLeft": undefined,
            "marginRight": undefined,
            "marginTop": undefined,
            "padding": undefined,
            "paddingBottom": undefined,
            "paddingHorizontal": undefined,
            "paddingLeft": undefined,
            "paddingRight": undefined,
            "paddingTop": undefined,
            "width": undefined,
          }
        }
      >
        <View
          pointerEvents="auto"
          style={
            Object {
              "alignItems": undefined,
              "backgroundColor": undefined,
              "borderRadius": undefined,
              "flex": undefined,
              "flexDirection": undefined,
              "height": undefined,
              "justifyContent": undefined,
              "margin": undefined,
              "marginBottom": undefined,
              "marginLeft": undefined,
              "marginRight": undefined,
              "marginTop": undefined,
              "padding": undefined,
              "paddingBottom": undefined,
              "paddingHorizontal": undefined,
              "paddingLeft": undefined,
              "paddingRight": undefined,
              "paddingTop": undefined,
              "width": undefined,
            }
          }
        >
          <View
            pointerEvents="auto"
            style={
              Object {
                "alignItems": undefined,
                "backgroundColor": undefined,
                "borderRadius": undefined,
                "flex": undefined,
                "flexDirection": undefined,
                "height": undefined,
                "justifyContent": undefined,
                "margin": undefined,
                "marginBottom": undefined,
                "marginLeft": undefined,
                "marginRight": undefined,
                "marginTop": 20,
                "padding": undefined,
                "paddingBottom": undefined,
                "paddingHorizontal": undefined,
                "paddingLeft": undefined,
                "paddingRight": undefined,
                "paddingTop": undefined,
                "width": undefined,
              }
            }
          >
            <View
              pointerEvents="auto"
              style={
                Object {
                  "alignItems": undefined,
                  "backgroundColor": undefined,
                  "borderRadius": undefined,
                  "flex": undefined,
                  "flexDirection": undefined,
                  "height": undefined,
                  "justifyContent": undefined,
                  "margin": undefined,
                  "marginBottom": undefined,
                  "marginLeft": undefined,
                  "marginRight": undefined,
                  "marginTop": undefined,
                  "padding": undefined,
                  "paddingBottom": undefined,
                  "paddingHorizontal": undefined,
                  "paddingLeft": 15,
                  "paddingRight": undefined,
                  "paddingTop": undefined,
                  "width": undefined,
                }
              }
            >
              <Text
                style={
                  Object {
                    "color": "#BBBBBB",
                    "flexWrap": "wrap",
                    "fontSize": 14,
                    "paddingBottom": 15,
                  }
                }
              >
                DID
              </Text>
            </View>
            <View
              pointerEvents="auto"
              style={
                Object {
                  "alignItems": undefined,
                  "backgroundColor": "#FFFFFF",
                  "borderBottomColor": "#CCCCCC",
                  "borderBottomWidth": 0.5,
                  "borderRadius": undefined,
                  "borderTopColor": "#CCCCCC",
                  "borderTopWidth": 0.5,
                  "flex": undefined,
                  "flexDirection": undefined,
                  "height": undefined,
                  "justifyContent": undefined,
                  "margin": undefined,
                  "marginBottom": undefined,
                  "marginLeft": undefined,
                  "marginRight": undefined,
                  "marginTop": undefined,
                  "padding": undefined,
                  "paddingBottom": undefined,
                  "paddingHorizontal": undefined,
                  "paddingLeft": undefined,
                  "paddingRight": undefined,
                  "paddingTop": undefined,
                  "width": undefined,
                }
              }
            >
              <View
                pointerEvents="auto"
                style={
                  Object {
                    "alignItems": undefined,
                    "backgroundColor": undefined,
                    "borderRadius": undefined,
                    "flex": undefined,
                    "flexDirection": undefined,
                    "height": undefined,
                    "justifyContent": undefined,
                    "margin": undefined,
                    "marginBottom": undefined,
                    "marginLeft": undefined,
                    "marginRight": undefined,
                    "marginTop": undefined,
                    "padding": 15,
                    "paddingBottom": undefined,
                    "paddingHorizontal": undefined,
                    "paddingLeft": undefined,
                    "paddingRight": undefined,
                    "paddingTop": undefined,
                    "width": undefined,
                  }
                }
              >
                <Text
                  style={
                    Object {
                      "flexWrap": "wrap",
                    }
                  }
                >
                  0x1234
                </Text>
              </View>
            </View>
          </View>
        </View>
      </View>
    </View>
  </RCTScrollView>,
  <RCTSafeAreaView
    emulateUnlessSupported={true}
    style={
      Object {
        "backgroundColor": "#FFFFFF",
      }
    }
  />,
]
`;
